5 removed successfully
12 removed successfully
43 removed successfully
52 removed successfully
23 removed successfully
42 removed successfully
63 removed successfully
12 removed successfully
52 removed successfully
68 removed successfully
86 removed successfully
47 removed successfully
75 removed successfully
95 removed successfully
74 removed successfully
36 removed successfully
74 removed successfully
36 removed successfully
25 removed successfully
53 removed successfully
53 removed successfully
75 removed successfully
85 removed successfully
74 removed successfully
23 removed successfully
63 removed successfully
23 removed successfully
634 removed successfully
6354 removed successfully
5234 removed successfully
634 removed successfully
6345 removed successfully
978 removed successfully
856 removed successfully
6345 removed successfully
684 removed successfully
7456 removed successfully
74 removed successfully
5234 removed successfully
123 removed successfully
213 removed successfully
132 removed successfully
231 removed successfully
321 removed successfully
312 removed successfully
423 removed successfully
243 removed successfully
53 removed successfully
5346 removed successfully
523 removed successfully
515 removed successfully
574 removed successfully
546 removed successfully
595 removed successfully
58 removed successfully
5345 removed successfully
564 removed successfully
355 removed successfully
2535 removed successfully
235 removed successfully
2355 removed successfully
239 removed successfully
233 removed successfully
553 removed successfully
522 removed successfully
923 removed successfully
8379 removed successfully
9456 removed successfully
53 removed successfully
692 removed successfully
775 removed successfully
25 removed successfully
734 removed successfully
325 removed successfully
253 removed successfully
845 removed successfully
52 removed successfully
73 removed successfully
255 removed successfully
586 removed successfully
375 removed successfully
2535 removed successfully
5253 removed successfully
5753 removed successfully
5453 removed successfully
595 removed successfully
556 removed successfully
585 removed successfully
595 removed successfully
825 removed successfully
536 removed successfully
2535 removed successfully
552 removed successfully
955 removed successfully
525 removed successfully
563 removed successfully
634 removed successfully
5687 removed successfully
586 removed successfully
Runtime: 745us
